// Jest Snapshot v1, https://goo.gl/fbAQLP

exports[`renders selection radio buttons Match Snapshot 1`] = `
Object {
  "asFragment": [Function],
  "baseElement": <body>
    <div>
      <div>
        <h2>
          User Types
        </h2>
        <div
          class="sc-gtsrHT eTKwwH"
        >
          <div
            class="sc-dlnjwi kfMQDk blue"
          >
            <input
              checked=""
              class="sc-bdnxRM dgazgZ"
              data-testid="admin"
              id="admin"
              name="userType"
              type="radio"
              value="Admin"
            />
             
            <label
              for="admin"
            >
              Admin
            </label>
          </div>
          <div
            class="sc-dlnjwi kfMQDk"
          >
            <input
              class="sc-bdnxRM dgazgZ"
              data-testid="manager"
              id="manager"
              name="userType"
              type="radio"
              value="Manager"
            />
             
            <label
              for="manager"
            >
              Manager
            </label>
          </div>
        </div>
      </div>
    </div>
  </body>,
  "container": <div>
    <div>
      <h2>
        User Types
      </h2>
      <div
        class="sc-gtsrHT eTKwwH"
      >
        <div
          class="sc-dlnjwi kfMQDk blue"
        >
          <input
            checked=""
            class="sc-bdnxRM dgazgZ"
            data-testid="admin"
            id="admin"
            name="userType"
            type="radio"
            value="Admin"
          />
           
          <label
            for="admin"
          >
            Admin
          </label>
        </div>
        <div
          class="sc-dlnjwi kfMQDk"
        >
          <input
            class="sc-bdnxRM dgazgZ"
            data-testid="manager"
            id="manager"
            name="userType"
            type="radio"
            value="Manager"
          />
           
          <label
            for="manager"
          >
            Manager
          </label>
        </div>
      </div>
    </div>
  </div>,
  "debug": [Function],
  "findAllByAltText": [Function],
  "findAllByDisplayValue": [Function],
  "findAllByLabelText": [Function],
  "findAllByPlaceholderText": [Function],
  "findAllByRole": [Function],
  "findAllByTestId": [Function],
  "findAllByText": [Function],
  "findAllByTitle": [Function],
  "findByAltText": [Function],
  "findByDisplayValue": [Function],
  "findByLabelText": [Function],
  "findByPlaceholderText": [Function],
  "findByRole": [Function],
  "findByTestId": [Function],
  "findByText": [Function],
  "findByTitle": [Function],
  "getAllByAltText": [Function],
  "getAllByDisplayValue": [Function],
  "getAllByLabelText": [Function],
  "getAllByPlaceholderText": [Function],
  "getAllByRole": [Function],
  "getAllByTestId": [Function],
  "getAllByText": [Function],
  "getAllByTitle": [Function],
  "getByAltText": [Function],
  "getByDisplayValue": [Function],
  "getByLabelText": [Function],
  "getByPlaceholderText": [Function],
  "getByRole": [Function],
  "getByTestId": [Function],
  "getByText": [Function],
  "getByTitle": [Function],
  "queryAllByAltText": [Function],
  "queryAllByDisplayValue": [Function],
  "queryAllByLabelText": [Function],
  "queryAllByPlaceholderText": [Function],
  "queryAllByRole": [Function],
  "queryAllByTestId": [Function],
  "queryAllByText": [Function],
  "queryAllByTitle": [Function],
  "queryByAltText": [Function],
  "queryByDisplayValue": [Function],
  "queryByLabelText": [Function],
  "queryByPlaceholderText": [Function],
  "queryByRole": [Function],
  "queryByTestId": [Function],
  "queryByText": [Function],
  "queryByTitle": [Function],
  "rerender": [Function],
  "unmount": [Function],
}
`;
