// Jest Snapshot v1, https://goo.gl/fbAQLP

exports[`Creates a card with a user avatar, name and role Tests snapshot 1`] = `
Object {
  "asFragment": [Function],
  "baseElement": <body>
    <div>
      <div
        class="sc-bdnxRM khowmD"
      >
        <h3
          class="sc-gtsrHT lanIWJ"
          data-testid="avatar"
        >
          J
        </h3>
        <div
          class="sc-dlnjwi jMwFjE"
        >
          <p
            class="sc-eCApnc ignkqQ"
            data-testid="name"
          >
            Jim James
          </p>
          <p
            class="sc-hKFxyN jvCncI"
            data-testid="role"
          >
            Manager
          </p>
        </div>
      </div>
    </div>
  </body>,
  "container": <div>
    <div
      class="sc-bdnxRM khowmD"
    >
      <h3
        class="sc-gtsrHT lanIWJ"
        data-testid="avatar"
      >
        J
      </h3>
      <div
        class="sc-dlnjwi jMwFjE"
      >
        <p
          class="sc-eCApnc ignkqQ"
          data-testid="name"
        >
          Jim James
        </p>
        <p
          class="sc-hKFxyN jvCncI"
          data-testid="role"
        >
          Manager
        </p>
      </div>
    </div>
  </div>,
  "debug": [Function],
  "findAllByAltText": [Function],
  "findAllByDisplayValue": [Function],
  "findAllByLabelText": [Function],
  "findAllByPlaceholderText": [Function],
  "findAllByRole": [Function],
  "findAllByTestId": [Function],
  "findAllByText": [Function],
  "findAllByTitle": [Function],
  "findByAltText": [Function],
  "findByDisplayValue": [Function],
  "findByLabelText": [Function],
  "findByPlaceholderText": [Function],
  "findByRole": [Function],
  "findByTestId": [Function],
  "findByText": [Function],
  "findByTitle": [Function],
  "getAllByAltText": [Function],
  "getAllByDisplayValue": [Function],
  "getAllByLabelText": [Function],
  "getAllByPlaceholderText": [Function],
  "getAllByRole": [Function],
  "getAllByTestId": [Function],
  "getAllByText": [Function],
  "getAllByTitle": [Function],
  "getByAltText": [Function],
  "getByDisplayValue": [Function],
  "getByLabelText": [Function],
  "getByPlaceholderText": [Function],
  "getByRole": [Function],
  "getByTestId": [Function],
  "getByText": [Function],
  "getByTitle": [Function],
  "queryAllByAltText": [Function],
  "queryAllByDisplayValue": [Function],
  "queryAllByLabelText": [Function],
  "queryAllByPlaceholderText": [Function],
  "queryAllByRole": [Function],
  "queryAllByTestId": [Function],
  "queryAllByText": [Function],
  "queryAllByTitle": [Function],
  "queryByAltText": [Function],
  "queryByDisplayValue": [Function],
  "queryByLabelText": [Function],
  "queryByPlaceholderText": [Function],
  "queryByRole": [Function],
  "queryByTestId": [Function],
  "queryByText": [Function],
  "queryByTitle": [Function],
  "rerender": [Function],
  "unmount": [Function],
}
`;
