// Jest Snapshot v1, https://goo.gl/fbAQLP

exports[`User list holder Test snapshot 1`] = `
Object {
  "asFragment": [Function],
  "baseElement": .c1 {
  display: -webkit-box;
  display: -webkit-flex;
  display: -ms-flexbox;
  display: flex;
  -webkit-box-pack: start;
  -webkit-justify-content: flex-start;
  -ms-flex-pack: start;
  justify-content: flex-start;
  -webkit-align-items: center;
  -webkit-box-align: center;
  -ms-flex-align: center;
  align-items: center;
  gap: 20px;
  height: 60px;
}

.c2 {
  display: -webkit-box;
  display: -webkit-flex;
  display: -ms-flexbox;
  display: flex;
  -webkit-align-items: center;
  -webkit-box-align: center;
  -ms-flex-align: center;
  align-items: center;
  -webkit-box-pack: center;
  -webkit-justify-content: center;
  -ms-flex-pack: center;
  justify-content: center;
  color: SteelBlue;
  background-color: #e4f3ff;
  border-radius: 10px;
  width: 50px;
  height: 50px;
}

.c3 {
  display: -webkit-box;
  display: -webkit-flex;
  display: -ms-flexbox;
  display: flex;
  -webkit-flex-direction: column;
  -ms-flex-direction: column;
  flex-direction: column;
  gap: 5px;
}

.c5 {
  margin: 0;
  font-size: .95em;
  color: gray;
}

.c4 {
  margin: 0;
  font-size: 1.17em;
}

.c0 {
  display: -webkit-box;
  display: -webkit-flex;
  display: -ms-flexbox;
  display: flex;
  -webkit-flex-direction: column;
  -ms-flex-direction: column;
  flex-direction: column;
  gap: 20px;
}

<body>
    <div>
      <div>
        <h2
          data-testid="usertype"
        >
          Admin
           Users
        </h2>
        <div
          class="c0"
        >
          <div
            class="c1"
          >
            <h3
              class="c2"
              data-testid="avatar"
            >
              J
            </h3>
            <div
              class="c3"
            >
              <p
                class="c4"
                data-testid="name"
              >
                John Smith
              </p>
              <p
                class="c5"
                data-testid="role"
              >
                Admin
              </p>
            </div>
          </div>
        </div>
      </div>
    </div>
  </body>,
  "container": <div>
    <div>
      <h2
        data-testid="usertype"
      >
        Admin
         Users
      </h2>
      <div
        class="sc-jSFjdj mBoku"
      >
        <div
          class="sc-bdnxRM khowmD"
        >
          <h3
            class="sc-gtsrHT lanIWJ"
            data-testid="avatar"
          >
            J
          </h3>
          <div
            class="sc-dlnjwi jMwFjE"
          >
            <p
              class="sc-eCApnc ignkqQ"
              data-testid="name"
            >
              John Smith
            </p>
            <p
              class="sc-hKFxyN jvCncI"
              data-testid="role"
            >
              Admin
            </p>
          </div>
        </div>
      </div>
    </div>
  </div>,
  "debug": [Function],
  "findAllByAltText": [Function],
  "findAllByDisplayValue": [Function],
  "findAllByLabelText": [Function],
  "findAllByPlaceholderText": [Function],
  "findAllByRole": [Function],
  "findAllByTestId": [Function],
  "findAllByText": [Function],
  "findAllByTitle": [Function],
  "findByAltText": [Function],
  "findByDisplayValue": [Function],
  "findByLabelText": [Function],
  "findByPlaceholderText": [Function],
  "findByRole": [Function],
  "findByTestId": [Function],
  "findByText": [Function],
  "findByTitle": [Function],
  "getAllByAltText": [Function],
  "getAllByDisplayValue": [Function],
  "getAllByLabelText": [Function],
  "getAllByPlaceholderText": [Function],
  "getAllByRole": [Function],
  "getAllByTestId": [Function],
  "getAllByText": [Function],
  "getAllByTitle": [Function],
  "getByAltText": [Function],
  "getByDisplayValue": [Function],
  "getByLabelText": [Function],
  "getByPlaceholderText": [Function],
  "getByRole": [Function],
  "getByTestId": [Function],
  "getByText": [Function],
  "getByTitle": [Function],
  "queryAllByAltText": [Function],
  "queryAllByDisplayValue": [Function],
  "queryAllByLabelText": [Function],
  "queryAllByPlaceholderText": [Function],
  "queryAllByRole": [Function],
  "queryAllByTestId": [Function],
  "queryAllByText": [Function],
  "queryAllByTitle": [Function],
  "queryByAltText": [Function],
  "queryByDisplayValue": [Function],
  "queryByLabelText": [Function],
  "queryByPlaceholderText": [Function],
  "queryByRole": [Function],
  "queryByTestId": [Function],
  "queryByText": [Function],
  "queryByTitle": [Function],
  "rerender": [Function],
  "unmount": [Function],
}
`;
